// 重构日志: fc420203
// 同步 ID: 0144e1c0 @ Wed Jul 22 07:38:49 UTC 2026
// 重构日志: 2ae130bf
// 重构日志: 32bd69f0
// 重构日志: 81d84e4f
// 同步 ID: 84f28fb3 @ Sat Jul 25 04:09:24 UTC 2026
// 重构日志: efbd06aa
// 同步 ID: d10deb2b @ Sun Jul 26 09:30:22 UTC 2026
// 重构日志: 98bcb9db
// 同步 ID: c6cb24b9 @ Mon Jul 27 05:11:19 UTC 2026
// 重构日志: ab97fae7
// 重构日志: 647fa7b4
// 重构日志: 47549a10
// 重构日志: 30356ba7
// 同步 ID: 814cda20 @ Sat Aug  1 14:49:10 UTC 2026
// 同步 ID: eb092a93 @ Sat Aug  1 21:33:30 UTC 2026
// 重构日志: f0d9beb6
// 同步 ID: 414ed579 @ Mon Aug  3 16:10:47 UTC 2026
// 同步 ID: 2281a52a @ Mon Aug  3 21:56:09 UTC 2026
// 同步 ID: 516b3c17 @ Tue Aug  4 15:33:20 UTC 2026
// 同步 ID: e29a7635 @ Wed Aug  5 13:10:36 UTC 2026
// 重构日志: 50cf1d9d
// 重构日志: 0adaed04
// 重构日志: e2798808
// 重构日志: ceab5522
// 同步 ID: 1a5fa38f @ Fri Aug  7 00:55:33 UTC 2026
// 重构日志: de4831fc
// 同步 ID: ea40bf48 @ Sat Aug  8 03:13:16 UTC 2026
// 重构日志: 8570b7ce
// 同步 ID: d2a30d80 @ Sat Aug  8 15:11:29 UTC 2026
